Microchip MPLAB XC8 Compiler V2.32

Linker command line:

-W-3 --edf=C:\Program Files\Microchip\xc8\v2.32\pic\dat\en_msgs.txt -cn \
  -h+dist/default/production\First.X.production.sym \
  --cmf=dist/default/production\First.X.production.cmf -z -Q16F877A \
  -oC:\Users\Sibti\AppData\Local\Temp\xcAsde0.4 --defsym=__MPLAB_BUILD=1 \
  -Mdist/default/production/First.X.production.map -E1 -ver=XC8 Compiler \
  --acfsm=1493 -ASTACK=0110h-016Fh -pstack=STACK -ACODE=00h-07FFhx4 \
  -ASTRCODE=00h-01FFFh -ASTRING=00h-0FFhx32 -ACONST=00h-0FFhx32 \
  -AENTRY=00h-0FFhx32 -ACOMMON=070h-07Fh -ABANK0=020h-06Fh \
  -ABANK1=0A0h-0EFh -ABANK2=0110h-016Fh -ABANK3=0190h-01EFh \
  -ARAM=020h-06Fh,0A0h-0EFh,0110h-016Fh,0190h-01EFh \
  -AABS1=020h-07Fh,0A0h-0EFh,0110h-016Fh,0190h-01EFh -ASFR0=00h-01Fh \
  -ASFR1=080h-09Fh -ASFR2=0100h-010Fh -ASFR3=0180h-018Fh \
  -ACONFIG=02007h-02007h -DCONFIG=2 -AIDLOC=02000h-02003h -DIDLOC=2 \
  -AEEDATA=00h-0FFh/02100h -peeprom_data=EEDATA -DEEDATA=2 -DCODE=2 \
  -DSTRCODE=2 -DSTRING=2 -DCONST=2 -DENTRY=2 \
  -preset_vec=00h,intentry=04h,init,end_init -ppowerup=CODE -pcinit=CODE \
  -pfunctab=ENTRY -k C:\Users\Sibti\AppData\Local\Temp\xcAsde0.o \
  dist/default/production\First.X.production.o 

Object code version is 3.11

Machine type is 16F877A



                Name                               Link     Load   Length Selector   Space Scale
C:\Users\Sibti\AppData\Local\Temp\xcAsde0.o
                end_init                             10       10        3        8       0
                reset_vec                             0        0        3        0       0
                config                             2007     2007        1        0       4
dist/default/production\First.X.production.o
                cinit                                13       13       16        8       0
                intentry                              4        4        C        8       0
                config                             2007     2007        1        0       4
                text37                             15FF     15FF       A2     2BFE       0
                text36                             1023     1023       16     2046       0
                text35                             16A1     16A1       AE     2D42       0
                text34                             113D     113D       31     227A       0
                text33                              AF0      AF0      288     15E0       0
                text32                              7D8      7D8       27        8       0
                text31                              38A      38A      361        8       0
                text30                              8B8      8B8       BC     1170       0
                text29                             174F     174F       B1     2E9E       0
                text28                             10DE     10DE       2F     21BC       0
                text27                             1FD3     1FD3       14     3FA6       0
                text26                             1FE7     1FE7       19     3FCE       0
                text25                              A30      A30       C0     1460       0
                text24                             119F     119F       37     233E       0
                text23                             1053     1053       1F     20A6       0
                text22                             11D6     11D6       38     23AC       0
                text21                             13F8     13F8       68     27F0       0
                text20                             12E3     12E3       56     25C6       0
                text19                             1566     1566       99     2ACC       0
                text18                             110D     110D       30     221A       0
                text17                             1072     1072       20     20E4       0
                text16                             116E     116E       31     22DC       0
                text15                              D78      D78      288     1AF0       0
                text14                             10B5     10B5       29     216A       0
                text13                               29       29      361        8       0
                text12                             1460     1460       7C     28C0       0
                text11                              974      974       BC     12E8       0
                text10                              6EB      6EB       ED        8       0
                text9                              1339     1339       5B     2672       0
                text8                              1394     1394       64     2728       0
                text7                              1039     1039       1A     2072       0
                text6                               805      805       B3     100A       0
                text5                              120E     120E       3E     241C       0
                text4                              1FB0     1FB0       10     3F60       0
                text3                              14DC     14DC       8A     29B8       0
                text2                              124C     124C       43     2498       0
                text1                              128F     128F       54     251E       0
                maintext                           1092     1092       23     2124       0
                cstackBANK0                          20       20       39       20       1
                cstackCOMMON                         70       70        D       70       1
                cstackBANK1                          A0       A0       46       A0       1
                inittext                           1FC0     1FC0       13     3F80       0
                dataBANK1                            E6       E6        7       A0       1
                bssBANK1                             ED       ED        2       A0       1
                strings                            1000     1000       22     2000       0
                idataBANK1                         1FA9     1FA9        7     3F52       0

TOTAL           Name                               Link     Load   Length     Space
        CLASS   STACK          

        CLASS   CODE           
                end_init                             10       10        3         0
                cinit                                13       13       16         0
                intentry                              4        4        C         0
                reset_vec                             0        0        3         0
                text37                             15FF     15FF       A2         0
                text36                             1023     1023       16         0
                text35                             16A1     16A1       AE         0
                text34                             113D     113D       31         0
                text33                              AF0      AF0      288         0
                text32                              7D8      7D8       27         0
                text31                              38A      38A      361         0
                text30                              8B8      8B8       BC         0
                text29                             174F     174F       B1         0
                text28                             10DE     10DE       2F         0
                text27                             1FD3     1FD3       14         0
                text26                             1FE7     1FE7       19         0
                text25                              A30      A30       C0         0
                text24                             119F     119F       37         0
                text23                             1053     1053       1F         0
                text22                             11D6     11D6       38         0
                text21                             13F8     13F8       68         0
                text20                             12E3     12E3       56         0
                text19                             1566     1566       99         0
                text18                             110D     110D       30         0
                text17                             1072     1072       20         0
                text16                             116E     116E       31         0
                text15                              D78      D78      288         0
                text14                             10B5     10B5       29         0
                text13                               29       29      361         0
                text12                             1460     1460       7C         0
                text11                              974      974       BC         0
                text10                              6EB      6EB       ED         0
                text9                              1339     1339       5B         0
                text8                              1394     1394       64         0
                text7                              1039     1039       1A         0
                text6                               805      805       B3         0
                text5                              120E     120E       3E         0
                text4                              1FB0     1FB0       10         0
                text3                              14DC     14DC       8A         0
                text2                              124C     124C       43         0
                text1                              128F     128F       54         0
                maintext                           1092     1092       23         0
                inittext                           1FC0     1FC0       13         0
                idataBANK1                         1FA9     1FA9        7         0

        CLASS   STRCODE        

        CLASS   STRING         
                strings                            1000     1000       22         0

        CLASS   CONST          

        CLASS   ENTRY          

        CLASS   COMMON         
                cstackCOMMON                         70       70        D         1

        CLASS   BANK0          
                cstackBANK0                          20       20       39         1

        CLASS   BANK1          
                cstackBANK1                          A0       A0       46         1
                dataBANK1                            E6       E6        7         1
                bssBANK1                             ED       ED        2         1

        CLASS   BANK2          

        CLASS   BANK3          

        CLASS   RAM            

        CLASS   ABS1           
                abs_s1                               7E       7E        2         1

        CLASS   SFR0           

        CLASS   SFR1           

        CLASS   SFR2           

        CLASS   SFR3           

        CLASS   CONFIG         
                config                             2007     2007        1         4

        CLASS   IDLOC          

        CLASS   EEDATA         



SEGMENTS        Name                           Load    Length   Top    Selector   Space  Class     Delta

                reset_vec                      000000  000003  000003         0       0  CODE        2
                intentry                       000004  0007FB  0007FF         8       0  CODE        2
                cstackBANK0                    000020  000039  000059        20       1  BANK0       1
                cstackCOMMON                   000070  00000D  00007D        70       1  COMMON      1
                cstackBANK1                    0000A0  00004F  0000EF        A0       1  BANK1       1
                text6                          000805  0000B3  0008B8      100A       0  CODE        2
                text30                         0008B8  0000BC  000974      1170       0  CODE        2
                text11                         000974  0000BC  000A30      12E8       0  CODE        2
                text25                         000A30  0000C0  000AF0      1460       0  CODE        2
                text33                         000AF0  000288  000D78      15E0       0  CODE        2
                text15                         000D78  000288  001000      1AF0       0  CODE        2
                strings                        001000  000022  001022      2000       0  STRING      2
                text36                         001023  000016  001039      2046       0  CODE        2
                text7                          001039  00001A  001053      2072       0  CODE        2
                text23                         001053  00001F  001072      20A6       0  CODE        2
                text17                         001072  000020  001092      20E4       0  CODE        2
                maintext                       001092  000023  0010B5      2124       0  CODE        2
                text14                         0010B5  000029  0010DE      216A       0  CODE        2
                text28                         0010DE  00002F  00110D      21BC       0  CODE        2
                text18                         00110D  000030  00113D      221A       0  CODE        2
                text34                         00113D  000031  00116E      227A       0  CODE        2
                text16                         00116E  000031  00119F      22DC       0  CODE        2
                text24                         00119F  000037  0011D6      233E       0  CODE        2
                text22                         0011D6  000038  00120E      23AC       0  CODE        2
                text5                          00120E  00003E  00124C      241C       0  CODE        2
                text2                          00124C  000043  00128F      2498       0  CODE        2
                text1                          00128F  000054  0012E3      251E       0  CODE        2
                text20                         0012E3  000056  001339      25C6       0  CODE        2
                text9                          001339  00005B  001394      2672       0  CODE        2
                text8                          001394  000064  0013F8      2728       0  CODE        2
                text21                         0013F8  000068  001460      27F0       0  CODE        2
                text12                         001460  00007C  0014DC      28C0       0  CODE        2
                text3                          0014DC  00008A  001566      29B8       0  CODE        2
                text19                         001566  000099  0015FF      2ACC       0  CODE        2
                text37                         0015FF  0000A2  0016A1      2BFE       0  CODE        2
                text35                         0016A1  0000AE  00174F      2D42       0  CODE        2
                text29                         00174F  0000B1  001800      2E9E       0  CODE        2
                idataBANK1                     001FA9  000007  001FB0      3F52       0  CODE        2
                text4                          001FB0  000010  001FC0      3F60       0  CODE        2
                inittext                       001FC0  000013  001FD3      3F80       0  CODE        2
                text27                         001FD3  000014  001FE7      3FA6       0  CODE        2
                text26                         001FE7  000019  002000      3FCE       0  CODE        2


UNUSED ADDRESS RANGES

        Name                Unused          Largest block    Delta
        BANK0            0059-006F             17           1
        BANK1            00EF-00EF              1           1
        BANK2            0110-016F             60           1
        BANK3            0190-01EF             60           1
        CODE             0003-0003              1           2
                         07FF-0804              1
                         1022-1022              1
                         1800-1FA8            7A9
        COMMON           007D-007D              1           1
        CONST            0003-0003              1           2
                         07FF-0804              1
                         1022-1022              1
                         1800-1FA8            100
        EEDATA           2100-21FF            100           2
        ENTRY            0003-0003              1           2
                         07FF-0804              1
                         1022-1022              1
                         1800-1FA8            100
        IDLOC            2000-2003              4           2
        RAM              0059-006F             17           1
                         00EF-00EF              1
                         0110-016F             60
                         0190-01EF             60
        SFR0             0000-001F             20           1
        SFR1             0080-009F             20           1
        SFR2             0100-010F             10           1
        SFR3             0180-018F             10           1
        STACK            0110-016F             60           1
        STRCODE          0003-0003              1           2
                         07FF-0804              6
                         1022-1022              1
                         1800-1FA8            7A9
        STRING           0003-0003              1           2
                         07FF-0804              1
                         1022-1022              1
                         1800-1FA8            100

                                  Symbol Table

?_ADC_read                   cstackBANK1  00A0
?__Umul8_16                  cstackBANK1  00A0
?___awmod                    cstackBANK1  00A0
?___fladd                    cstackBANK1  00CD
?___flmul                    cstackBANK1  00B3
?___fltol                    cstackBANK1  00A0
?___lldiv                    cstackBANK1  00A0
?___llmod                    cstackBANK1  00A0
?___xxtofl                   cstackBANK1  00A5
?i1_ADC_read                 cstackCOMMON 0070
?i1__Umul8_16                cstackCOMMON 0070
?i1___fladd                  cstackBANK0  0040
?i1___flmul                  cstackBANK0  0026
?i1___xxtofl                 cstackCOMMON 0075
ADC_channel_select@channel   cstackBANK1  00A1
ADC_read@result              cstackBANK1  00A3
LCD_clear@counter            cstackBANK1  00AB
LCD_cursor@x                 cstackBANK1  00AD
LCD_cursor@y                 cstackBANK1  00AB
LCD_display_value@buffer     cstackBANK1  00C7
LCD_display_value@value      cstackBANK1  00C3
LCD_initialise@counter       cstackBANK1  00AD
LCD_putch@c                  cstackBANK1  00AB
LCD_putch@counter            cstackBANK1  00AC
LCD_puts@c                   cstackBANK1  00B2
LCD_puts@i                   cstackBANK1  00B1
LCD_puts@s                   cstackBANK1  00AE
LCD_putsc@c                  cstackBANK1  00B1
LCD_putsc@i                  cstackBANK1  00B0
LCD_putsc@s                  cstackBANK1  00AF
LCD_write@RB6_BAK            cstackBANK1  00A5
LCD_write@RB7_BAK            cstackBANK1  00A4
LCD_write@RSmask             cstackBANK1  00A8
LCD_write@TRISB_BAK          cstackBANK1  00A3
LCD_write@c                  cstackBANK1  00A7
LCD_write@counter            cstackBANK1  00A9
LCD_write@intsON             cstackBANK1  00A2
LCD_write@rs                 cstackBANK1  00A0
LCD_write@temp               cstackBANK1  00A6
_ADCON0                      (abs)        001F
_ADCON0bits                  (abs)        001F
_ADCON1                      (abs)        009F
_ADC_channel_select          text27       1FD3
_ADC_initialise              text4        1FB0
_ADC_read                    text26       1FE7
_ADRESH                      (abs)        001E
_ADRESL                      (abs)        009E
_GIE                         (abs)        005F
_INTCON                      (abs)        000B
_INTCONbits                  (abs)        000B
_LCD_clear                   text24       119F
_LCD_cursor                  text7        1039
_LCD_display_value           text17       1072
_LCD_initialise              text3        14DC
_LCD_putch                   text23       1053
_LCD_puts                    text22       11D6
_LCD_putsc                   text16       116E
_LCD_write                   text25       0A30
_OPTION_REG                  (abs)        0081
_PIR1bits                    (abs)        000C
_PM                          dataBANK1    00EB
_PORTB                       (abs)        0006
_PORTD                       (abs)        0008
_RB5                         (abs)        0035
_RB6                         (abs)        0036
_RB7                         (abs)        0037
_RD0                         (abs)        0040
_RD1                         (abs)        0041
_RD2                         (abs)        0042
_T0IE                        (abs)        005D
_T1CON                       (abs)        0010
_T1CONbits                   (abs)        0010
_TMR0IF                      (abs)        005A
_TMR1H                       (abs)        000F
_TMR1L                       (abs)        000E
_TRISA                       (abs)        0085
_TRISB                       (abs)        0086
_TRISD                       (abs)        0088
__Habs1                      abs1         0000
__Hbank0                     bank0        0000
__Hbank1                     bank1        0000
__Hbank2                     bank2        0000
__Hbank3                     bank3        0000
__HbssBANK1                  bssBANK1     0000
__Hcinit                     cinit        0029
__Hclrtext                   clrtext      0000
__Hcode                      code         0000
__Hcommon                    common       0000
__Hconfig                    config       2008
__HcstackBANK0               cstackBANK0  0000
__HcstackBANK1               cstackBANK1  0000
__HcstackCOMMON              cstackCOMMON 0000
__HdataBANK1                 dataBANK1    0000
__Heeprom_data               eeprom_data  0000
__Hend_init                  end_init     0013
__Hfunctab                   functab      0000
__HidataBANK1                idataBANK1   0000
__Hinit                      init         0010
__Hinittext                  inittext     0000
__Hintentry                  intentry     0010
__Hmaintext                  maintext     0000
__Hpowerup                   powerup      0000
__Hram                       ram          0000
__Hreset_vec                 reset_vec    0003
__Hsfr0                      sfr0         0000
__Hsfr1                      sfr1         0000
__Hsfr2                      sfr2         0000
__Hsfr3                      sfr3         0000
__Hspace_0                   (abs)        2000
__Hspace_1                   (abs)        00EF
__Hspace_2                   (abs)        0000
__Hspace_3                   (abs)        0000
__Hspace_4                   (abs)        400F
__Hstack                     stack        0000
__Hstrings                   strings      0000
__Htext                      text         0000
__Labs1                      abs1         0000
__Lbank0                     bank0        0000
__Lbank1                     bank1        0000
__Lbank2                     bank2        0000
__Lbank3                     bank3        0000
__LbssBANK1                  bssBANK1     0000
__Lcinit                     cinit        0013
__Lclrtext                   clrtext      0000
__Lcode                      code         0000
__Lcommon                    common       0000
__Lconfig                    config       0000
__LcstackBANK0               cstackBANK0  0000
__LcstackBANK1               cstackBANK1  0000
__LcstackCOMMON              cstackCOMMON 0000
__LdataBANK1                 dataBANK1    0000
__Leeprom_data               eeprom_data  0000
__Lend_init                  end_init     0010
__Lfunctab                   functab      0000
__LidataBANK1                idataBANK1   0000
__Linit                      init         0010
__Linittext                  inittext     0000
__Lintentry                  intentry     0004
__Lmaintext                  maintext     0000
__Lpowerup                   powerup      0000
__Lram                       ram          0000
__Lreset_vec                 reset_vec    0000
__Lsfr0                      sfr0         0000
__Lsfr1                      sfr1         0000
__Lsfr2                      sfr2         0000
__Lsfr3                      sfr3         0000
__Lspace_0                   (abs)        0000
__Lspace_1                   (abs)        0000
__Lspace_2                   (abs)        0000
__Lspace_3                   (abs)        0000
__Lspace_4                   (abs)        0000
__Lstack                     stack        0000
__Lstrings                   strings      0000
__Ltext                      text         0000
__S0                         (abs)        2000
__S1                         (abs)        00EF
__S2                         (abs)        0000
__S3                         (abs)        0000
__Umul8_16                   text14       10B5
__Umul8_16@multiplicand      cstackBANK1  00A0
__Umul8_16@multiplier        cstackBANK1  00A8
__Umul8_16@product           cstackBANK1  00A4
__Umul8_16@word_mpld         cstackBANK1  00A6
___awmod                     text9        1339
___awmod@counter             cstackBANK1  00A5
___awmod@dividend            cstackBANK1  00A2
___awmod@divisor             cstackBANK1  00A0
___awmod@sign                cstackBANK1  00A6
___fladd                     text15       0D78
___fladd@a                   cstackBANK1  00D1
___fladd@aexp                cstackBANK1  00DE
___fladd@b                   cstackBANK1  00CD
___fladd@bexp                cstackBANK1  00DF
___fladd@grs                 cstackBANK1  00E0
___fladd@signs               cstackBANK1  00DD
___flge                      text37       15FF
___flge@ff1                  cstackCOMMON 0070
___flge@ff2                  cstackCOMMON 0074
___flmul                     text13       0029
___flmul@a                   cstackBANK1  00B7
___flmul@aexp                cstackBANK1  00C5
___flmul@b                   cstackBANK1  00B3
___flmul@bexp                cstackBANK1  00C6
___flmul@grs                 cstackBANK1  00C1
___flmul@prod                cstackBANK1  00C7
___flmul@sign                cstackBANK1  00C0
___flmul@temp                cstackBANK1  00CB
___fltol                     text12       1460
___fltol@exp1                cstackBANK1  00AA
___fltol@f1                  cstackBANK1  00A0
___fltol@sign1               cstackBANK1  00A9
___int_sp                    stack        0000
___latbits                   (abs)        0002
___lldiv                     text21       13F8
___lldiv@counter             cstackBANK1  00AD
___lldiv@dividend            cstackBANK1  00A4
___lldiv@divisor             cstackBANK1  00A0
___lldiv@quotient            cstackBANK1  00A9
___llmod                     text20       12E3
___llmod@counter             cstackBANK1  00A9
___llmod@dividend            cstackBANK1  00A4
___llmod@divisor             cstackBANK1  00A0
___sp                        stack        0000
___stackhi                   (abs)        0000
___stacklo                   (abs)        0000
___xxtofl                    text11       0974
___xxtofl@arg                cstackBANK1  00AF
___xxtofl@exp                cstackBANK1  00AE
___xxtofl@sign               cstackBANK1  00AD
___xxtofl@val                cstackBANK1  00A5
__end_of_ADC_channel_select  text27       1FE7
__end_of_ADC_initialise      text4        1FC0
__end_of_ADC_read            text26       2000
__end_of_LCD_clear           text24       11D6
__end_of_LCD_cursor          text7        1053
__end_of_LCD_display_value   text17       1092
__end_of_LCD_initialise      text3        1566
__end_of_LCD_putch           text23       1072
__end_of_LCD_puts            text22       120E
__end_of_LCD_putsc           text16       119F
__end_of_LCD_write           text25       0AF0
__end_of__Umul8_16           text14       10DE
__end_of___awmod             text9        1394
__end_of___fladd             text15       1000
__end_of___flge              text37       16A1
__end_of___flmul             text13       038A
__end_of___fltol             text12       14DC
__end_of___lldiv             text21       1460
__end_of___llmod             text20       1339
__end_of___xxtofl            text11       0A30
__end_of__initialization     cinit        0025
__end_of__stringtab          strings      1010
__end_of_alarmISR            text29       1800
__end_of_convert_time        text8        13F8
__end_of_delay               text28       110D
__end_of_ltoa                text18       113D
__end_of_main                maintext     10B5
__end_of_set_temp            text10       07D8
__end_of_set_time            text5        124C
__end_of_setup               text2        128F
__end_of_tick_tock           text1        12E3
__end_of_ultoa               text19       15FF
__end_of_updateClock         text6        08B8
__end_ofi1_ADC_read          text36       1039
__end_ofi1_LCD_clear         text34       116E
__end_ofi1_LCD_write         text35       174F
__end_ofi1__Umul8_16         text32       07FF
__end_ofi1___fladd           text33       0D78
__end_ofi1___flmul           text31       06EB
__end_ofi1___xxtofl          text30       0974
__initialization             cinit        0013
__pbssBANK1                  bssBANK1     00ED
__pcstackBANK0               cstackBANK0  0020
__pcstackBANK1               cstackBANK1  00A0
__pcstackCOMMON              cstackCOMMON 0070
__pdataBANK1                 dataBANK1    00E6
__pidataBANK1                idataBANK1   1FA9
__pintentry                  intentry     0004
__pmaintext                  maintext     1092
__pstrings                   strings      1000
__ptext1                     text1        128F
__ptext10                    text10       06EB
__ptext11                    text11       0974
__ptext12                    text12       1460
__ptext13                    text13       0029
__ptext14                    text14       10B5
__ptext15                    text15       0D78
__ptext16                    text16       116E
__ptext17                    text17       1072
__ptext18                    text18       110D
__ptext19                    text19       1566
__ptext2                     text2        124C
__ptext20                    text20       12E3
__ptext21                    text21       13F8
__ptext22                    text22       11D6
__ptext23                    text23       1053
__ptext24                    text24       119F
__ptext25                    text25       0A30
__ptext26                    text26       1FE7
__ptext27                    text27       1FD3
__ptext28                    text28       10DE
__ptext29                    text29       174F
__ptext3                     text3        14DC
__ptext30                    text30       08B8
__ptext31                    text31       038A
__ptext32                    text32       07D8
__ptext33                    text33       0AF0
__ptext34                    text34       113D
__ptext35                    text35       16A1
__ptext36                    text36       1023
__ptext37                    text37       15FF
__ptext4                     text4        1FB0
__ptext5                     text5        120E
__ptext6                     text6        0805
__ptext7                     text7        1039
__ptext8                     text8        1394
__ptext9                     text9        1339
__size_of_ADC_channel_select (abs)        0000
__size_of_ADC_initialise     (abs)        0000
__size_of_ADC_read           (abs)        0000
__size_of_LCD_clear          (abs)        0000
__size_of_LCD_cursor         (abs)        0000
__size_of_LCD_display_value  (abs)        0000
__size_of_LCD_initialise     (abs)        0000
__size_of_LCD_putch          (abs)        0000
__size_of_LCD_puts           (abs)        0000
__size_of_LCD_putsc          (abs)        0000
__size_of_LCD_write          (abs)        0000
__size_of__Umul8_16          (abs)        0000
__size_of___awmod            (abs)        0000
__size_of___fladd            (abs)        0000
__size_of___flge             (abs)        0000
__size_of___flmul            (abs)        0000
__size_of___fltol            (abs)        0000
__size_of___lldiv            (abs)        0000
__size_of___llmod            (abs)        0000
__size_of___xxtofl           (abs)        0000
__size_of_alarmISR           (abs)        0000
__size_of_convert_time       (abs)        0000
__size_of_delay              (abs)        0000
__size_of_ltoa               (abs)        0000
__size_of_main               (abs)        0000
__size_of_set_temp           (abs)        0000
__size_of_set_time           (abs)        0000
__size_of_setup              (abs)        0000
__size_of_tick_tock          (abs)        0000
__size_of_ultoa              (abs)        0000
__size_of_updateClock        (abs)        0000
__size_ofi1_ADC_read         (abs)        0000
__size_ofi1_LCD_clear        (abs)        0000
__size_ofi1_LCD_write        (abs)        0000
__size_ofi1__Umul8_16        (abs)        0000
__size_ofi1___fladd          (abs)        0000
__size_ofi1___flmul          (abs)        0000
__size_ofi1___xxtofl         (abs)        0000
__stringbase                 strings      100F
__stringtab                  strings      1000
_alarmISR                    text29       174F
_clock_mode                  dataBANK1    00EA
_convert_time                text8        1394
_delay                       text28       10DE
_hour                        dataBANK1    00EC
_ltoa                        text18       110D
_main                        maintext     1092
_minute                      bssBANK1     00EE
_second                      bssBANK1     00ED
_set_temp                    text10       06EB
_set_time                    text5        120E
_setup                       text2        124C
_temp_c                      dataBANK1    00E6
_tick_tock                   text1        128F
_ultoa                       text19       1566
_updateClock                 text6        0805
alarmISR@x                   cstackBANK0  0057
btemp                        (abs)        007E
delay@delay                  cstackBANK1  00A0
delay@x                      cstackBANK1  00A4
end_of_initialization        cinit        0025
i1ADC_read@result            cstackCOMMON 0073
i1LCD_clear@counter          cstackCOMMON 007B
i1LCD_write@RB6_BAK          cstackCOMMON 0075
i1LCD_write@RB7_BAK          cstackCOMMON 0074
i1LCD_write@RSmask           cstackCOMMON 0078
i1LCD_write@TRISB_BAK        cstackCOMMON 0073
i1LCD_write@c                cstackCOMMON 0077
i1LCD_write@counter          cstackCOMMON 0079
i1LCD_write@intsON           cstackCOMMON 0072
i1LCD_write@rs               cstackCOMMON 0070
i1LCD_write@temp             cstackCOMMON 0076
i1_ADC_read                  text36       1023
i1_LCD_clear                 text34       113D
i1_LCD_write                 text35       16A1
i1__Umul8_16                 text32       07D8
i1__Umul8_16@multiplicand    cstackCOMMON 0070
i1__Umul8_16@multiplier      cstackCOMMON 0078
i1__Umul8_16@product         cstackCOMMON 0074
i1__Umul8_16@word_mpld       cstackCOMMON 0076
i1___fladd                   text33       0AF0
i1___fladd@a                 cstackBANK0  0044
i1___fladd@aexp              cstackBANK0  0051
i1___fladd@b                 cstackBANK0  0040
i1___fladd@bexp              cstackBANK0  0052
i1___fladd@grs               cstackBANK0  0053
i1___fladd@signs             cstackBANK0  0050
i1___flmul                   text31       038A
i1___flmul@a                 cstackBANK0  002A
i1___flmul@aexp              cstackBANK0  0038
i1___flmul@b                 cstackBANK0  0026
i1___flmul@bexp              cstackBANK0  0039
i1___flmul@grs               cstackBANK0  0034
i1___flmul@prod              cstackBANK0  003A
i1___flmul@sign              cstackBANK0  0033
i1___flmul@temp              cstackBANK0  003E
i1___xxtofl                  text30       08B8
i1___xxtofl@arg              cstackBANK0  0022
i1___xxtofl@exp              cstackBANK0  0021
i1___xxtofl@sign             cstackBANK0  0020
i1___xxtofl@val              cstackCOMMON 0075
init_fetch0                  inittext     1FC0
init_ram0                    inittext     1FC4
interrupt_function           intentry     0004
intlevel0                    functab      0000
intlevel1                    functab      0000
intlevel2                    functab      0000
intlevel3                    functab      0000
intlevel4                    functab      0000
intlevel5                    functab      0000
ltoa@base                    cstackBANK1  00BF
ltoa@buf                     cstackBANK1  00C2
ltoa@val                     cstackBANK1  00BB
reset_vec                    reset_vec    0000
saved_w                      (abs)        007E
set_temp@temp_f              cstackBANK1  00E1
start                        init         0010
start_initialization         cinit        0013
ultoa@base                   cstackBANK1  00B2
ultoa@buf                    cstackBANK1  00BA
ultoa@c                      cstackBANK1  00B9
ultoa@v                      cstackBANK1  00B5
ultoa@val                    cstackBANK1  00AE
updateClock@clock_mode       cstackBANK1  00D9
updateClock@evening          cstackBANK1  00DB
updateClock@hours            cstackBANK1  00D3
updateClock@minutes          cstackBANK1  00D5
updateClock@seconds          cstackBANK1  00D7
wtemp0                       (abs)        007E


MODULE INFORMATION

Module		Function		Class		Link	Load	Size
C:\Program Files\Microchip\xc8\v2.32\pic\sources\c90\common\sprcadd.c
		___fladd       		CODE           	0D78	0000	648

C:\Program Files\Microchip\xc8\v2.32\pic\sources\c90\common\sprcadd.c estimated size: 648

C:\Program Files\Microchip\xc8\v2.32\pic\sources\c90\common\flge.c
		___flge        		CODE           	15FF	0000	162

C:\Program Files\Microchip\xc8\v2.32\pic\sources\c90\common\flge.c estimated size: 162

C:\Program Files\Microchip\xc8\v2.32\pic\sources\c90\common\xxtofl.c
		___xxtofl      		CODE           	0974	0000	188

C:\Program Files\Microchip\xc8\v2.32\pic\sources\c90\common\xxtofl.c estimated size: 188

C:\Program Files\Microchip\xc8\v2.32\pic\sources\c90\common\Umul8_16.c
		__Umul8_16     		CODE           	10B5	0000	41

C:\Program Files\Microchip\xc8\v2.32\pic\sources\c90\common\Umul8_16.c estimated size: 41

Clock_ws.c
		_delay         		CODE           	10DE	0000	47
		_updateClock   		CODE           	0805	0000	179
		_main          		CODE           	1092	0000	35
		_set_temp      		CODE           	06EB	0000	237
		_ADC_read      		CODE           	1FE7	0000	25
		_alarmISR      		CODE           	174F	0000	177
		_ADC_channel_select		CODE           	1FD3	0000	20
		_tick_tock     		CODE           	128F	0000	84
		_set_time      		CODE           	120E	0000	62
		_ADC_initialise		CODE           	1FB0	0000	16
		_setup         		CODE           	124C	0000	67
		_convert_time  		CODE           	1394	0000	100

Clock_ws.c estimated size: 1049

C:\Program Files\Microchip\xc8\v2.32\pic\sources\c90\common\awmod.c
		___awmod       		CODE           	1339	0000	91

C:\Program Files\Microchip\xc8\v2.32\pic\sources\c90\common\awmod.c estimated size: 91

C:\Program Files\Microchip\xc8\v2.32\pic\sources\c90\common\llmod.c
		___llmod       		CODE           	12E3	0000	86

C:\Program Files\Microchip\xc8\v2.32\pic\sources\c90\common\llmod.c estimated size: 86

shared
		__stringtab    		STRING         	1000	0000	16
		i1_LCD_clear   		CODE           	113D	0000	49
		i1___fladd     		CODE           	0AF0	0000	648
		i1__Umul8_16   		CODE           	07D8	0000	39
		__initialization		CODE           	0013	0000	18
		i1___flmul     		CODE           	038A	0000	865
		i1___xxtofl    		CODE           	08B8	0000	188
		i1_ADC_read    		CODE           	1023	0000	22
		i1_LCD_write   		CODE           	16A1	0000	174

shared estimated size: 2019

C:\Program Files\Microchip\xc8\v2.32\pic\sources\c90\common\sprcmul.c
		___flmul       		CODE           	0029	0000	865

C:\Program Files\Microchip\xc8\v2.32\pic\sources\c90\common\sprcmul.c estimated size: 865

C:\Program Files\Microchip\xc8\v2.32\pic\sources\c90\common\ltoa.c
		_ltoa          		CODE           	110D	0000	48
		_ultoa         		CODE           	1566	0000	153

C:\Program Files\Microchip\xc8\v2.32\pic\sources\c90\common\ltoa.c estimated size: 201

LCDdrive.c
		_LCD_clear     		CODE           	119F	0000	55
		_LCD_display_value		CODE           	1072	0000	32
		_LCD_cursor    		CODE           	1039	0000	26
		_LCD_write     		CODE           	0A30	0000	192
		_LCD_puts      		CODE           	11D6	0000	56
		_LCD_putch     		CODE           	1053	0000	31
		_LCD_putsc     		CODE           	116E	0000	49
		_LCD_initialise		CODE           	14DC	0000	138

LCDdrive.c estimated size: 579

C:\Program Files\Microchip\xc8\v2.32\pic\sources\c90\common\fltol.c
		___fltol       		CODE           	1460	0000	124

C:\Program Files\Microchip\xc8\v2.32\pic\sources\c90\common\fltol.c estimated size: 124

C:\Program Files\Microchip\xc8\v2.32\pic\sources\c90\common\__lldiv.c
		___lldiv       		CODE           	13F8	0000	104

C:\Program Files\Microchip\xc8\v2.32\pic\sources\c90\common\__lldiv.c estimated size: 104

